// Jest Snapshot v1, https://goo.gl/fbAQLP

exports[`PhotoClasses Component renders PhotoClasses by default 1`] = `
<Fragment>
  <div
    className="classesContainer"
  >
    <ClassCard
      desc="test desc"
      key="test title"
      path="/test-title"
      title="test title"
    />
  </div>
</Fragment>
`;
